autoflake.....................................................................Passed
check for broken symlinks.....................................................Passed
detect destroyed symlinks.....................................................Passed
trim trailing whitespace......................................................Passed
fix end of files..............................................................Passed
check yaml....................................................................Passed
check toml....................................................................Passed
check python ast..............................................................Passed
check for added large files...................................................Passed
check for merge conflicts.....................................................Passed
check that scripts with shebangs are executable...............................Passed
detect private key............................................................Passed
debug statements (python).....................................................Passed
don't commit to branch........................................................Passed
isort.........................................................................Passed
ruff (legacy alias)...........................................................Passed
ruff check....................................................................Passed
black-jupyter.................................................................Passed
clang-format..............................................(no files to check)Skipped
nbstripout................................................(no files to check)Skipped
sort CI_PERMISSIONS.json......................................................Passed
rustfmt sglang-omni-router....................................................Passed
leading-underscore class, function, and attribute names.......................Passed
if statements must have else..................................................Passed
