[INFO] Initializing environment for https://github.com/astral-sh/ruff-pre-commit.
[INFO] Initializing environment for https://github.com/crate-ci/typos.
[INFO] Initializing environment for https://github.com/rhysd/actionlint.
[INFO] Initializing environment for https://github.com/DavidAnson/markdownlint-cli2.
[INFO] Initializing environment for local:mypy==1.11.1,regex,types-cachetools,types-setuptools,types-PyYAML,types-requests,types-torch,pydantic.
[INFO] Initializing environment for local.
[INFO] Initializing environment for local:regex.
[INFO] Initializing environment for local:pyyaml,check-jsonschema==0.38.0.
[INFO] Installing environment for https://github.com/astral-sh/ruff-pre-commit.
[INFO] Once installed this environment will be reused.
[INFO] This may take a few minutes...
[INFO] Installing environment for https://github.com/crate-ci/typos.
[INFO] Once installed this environment will be reused.
[INFO] This may take a few minutes...
[INFO] Installing environment for https://github.com/rhysd/actionlint.
[INFO] Once installed this environment will be reused.
[INFO] This may take a few minutes...
[INFO] Installing environment for https://github.com/DavidAnson/markdownlint-cli2.
[INFO] Once installed this environment will be reused.
[INFO] This may take a few minutes...
[INFO] Installing environment for local.
[INFO] Once installed this environment will be reused.
[INFO] This may take a few minutes...
[INFO] Installing environment for local.
[INFO] Once installed this environment will be reused.
[INFO] This may take a few minutes...
[INFO] Installing environment for local.
[INFO] Once installed this environment will be reused.
[INFO] This may take a few minutes...
[INFO] Installing environment for local.
[INFO] Once installed this environment will be reused.
[INFO] This may take a few minutes...
check yaml................................................(no files to check)Skipped
debug statements (python).....................................................Passed
fix end of files..............................................................Passed
mixed line ending.............................................................Passed
trim trailing whitespace......................................................Passed
ruff check....................................................................Passed
ruff format...................................................................Passed
typos.........................................................................Passed
Lint GitHub Actions workflow files........................(no files to check)Skipped
markdownlint-cli2.........................................(no files to check)Skipped
Run mypy for Python 3.10......................................................Passed
Ensure test files have CI marks (no direct SKU)...............................Passed
Ratchet TTS per-model branches out of serving_speech.py...(no files to check)Skipped
- hook id: check-tts-adapter-migration
Lint shell scripts........................................(no files to check)Skipped
Check SPDX headers............................................................Passed
Check forbidden imports.......................................................Passed
Prevent new torch.cuda API calls..............................................Passed
Validate Buildkite Pipelines..............................(no files to check)Skipped
Suggestion....................................................................Passed
- hook id: suggestion
- duration: 0.01s

To bypass all the pre-commit hooks, add --no-verify to git commit. To skip a specific hook, prefix the commit command with SKIP=<hook-id>.

